// Jest Snapshot v1, https://goo.gl/fbAQLP

exports[`renders Modal Snapshot 1`] = `
.emotion-9 {
  position: fixed;
  top: 0;
  left: 0;
  display: -webkit-box;
  display: -webkit-flex;
  display: -ms-flexbox;
  display: flex;
  -webkit-align-items: center;
  -webkit-box-align: center;
  -ms-flex-align: center;
  align-items: center;
  -webkit-box-pack: center;
  -webkit-justify-content: center;
  -ms-flex-pack: center;
  justify-content: center;
  height: 100%;
  width: 100%;
  background: #30313D;
}

.emotion-8 {
  position: relative;
  padding: 76px 20px 70px;
  background: #FFF;
  border-radius: 16px;
  text-align: center;
  width: 90%;
}

@media (min-width:992px) {
  .emotion-8 {
    width: 100%;
    max-width: 800px;
    padding-top: 100px;
  }
}

.emotion-0 {
  position: absolute;
  top: -40px;
  left: 50%;
  -webkit-transform: translateX(-50%);
  -ms-transform: translateX(-50%);
  transform: translateX(-50%);
  display: -webkit-box;
  display: -webkit-flex;
  display: -ms-flexbox;
  display: flex;
  -webkit-align-items: center;
  -webkit-box-align: center;
  -ms-flex-align: center;
  align-items: center;
  -webkit-box-pack: center;
  -webkit-justify-content: center;
  -ms-flex-pack: center;
  justify-content: center;
  width: 80px;
  height: 80px;
  border-radius: 50%;
  background-color: #FF7165;
}

@media (min-width:992px) {
  .emotion-0 {
    width: 100px;
    height: 100px;
  }
}

.emotion-1 {
  position: absolute;
  top: 20px;
  right: 20px;
  border-radius: 10px;
  border: 1px solid #DBDCEE;
  background: transparent;
  color: #30313D;
  padding: 10.5px 16.6px;
  font-size: 2.2rem;
  outline: none;
  cursor: pointer;
}

.emotion-2 {
  font-style: normal;
  font-weight: bold;
  font-size: 2.2rem;
  line-height: 2.2rem;
  color: #30313D;
  margin: 12px 0;
}

@media (min-width:992px) {
  .emotion-2 {
    font-size: 2.4rem;
    line-height: 2.4rem;
    margin: 20px 0;
  }
}

.emotion-3 {
  font-style: normal;
  font-weight: normal;
  font-size: 1.4rem;
  line-height: 2.2rem;
}

@media (min-width:992px) {
  .emotion-3 {
    font-size: 1.6rem;
    line-height: 1.6rem;
  }
}

.emotion-5 {
  position: relative;
  font-style: normal;
  font-weight: bold;
  font-size: 1.6rem;
  line-height: 2.4rem;
  margin: 40px auto 20px;
  max-width: 290px;
}

.emotion-4 {
  border-radius: 4px;
  background-color: #FF7165;
  color: #FFF;
  padding: 16px 36px;
  outline: none;
  cursor: pointer;
  font-style: normal;
  font-weight: bold;
  font-size: 1.4rem;
  line-height: 1.6rem;
}

.emotion-4:disabled {
  color: #211965;
  background: rgba(141,142,161,0.1);
  cursor: default;
}

@media (min-width:992px) {
  .emotion-4 {
    font-size: 1.6rem;
  }
}

.emotion-7 {
  font-style: normal;
  font-weight: normal;
  font-size: 1.4rem;
  line-height: 1.6rem;
}

@media (min-width:992px) {
  .emotion-7 {
    font-size: 1.6rem;
  }
}

.emotion-6 {
  color: #FF7165;
  cursor: pointer;
}

<div
  className="emotion-9"
>
  <div
    className="emotion-8"
  >
    <div
      className="emotion-0"
    >
      <img
        alt="lock"
        src="lock.png"
      />
    </div>
    <button
      className="emotion-1"
      onClick={[Function]}
      type="button"
    >
      ×
    </button>
    <h4
      className="emotion-2"
    >
      Podaj kod PIN
    </h4>
    <p
      className="emotion-3"
    >
      Na podany numer telefonu wysłaliśmy SMS z kodem PIN
    </p>
    <div
      className="emotion-5"
    >
      <div
        className="pincode-input-container"
        style={
          Object {
            "display": "flex",
            "justifyContent": "space-evenly",
            "marginBottom": "40px",
          }
        }
      >
        <input
          aria-label=""
          autoComplete="off"
          className="pincode-input-text"
          maxLength="1"
          onBlur={[Function]}
          onChange={[Function]}
          onFocus={[Function]}
          onKeyDown={[Function]}
          pattern="[0-9]*"
          placeholder=""
          style={
            Object {
              "alignItems": "center",
              "background": "transparent",
              "border": "1px solid #DBDCEE",
              "borderRadius": "10px",
              "display": "flex",
              "height": "68px",
              "justifyContent": "center",
              "margin": "0 2px",
              "padding": "22px 18px",
              "textAlign": "center",
              "width": "50px",
            }
          }
          type="tel"
          value=""
        />
        <input
          aria-label=""
          autoComplete="off"
          className="pincode-input-text"
          maxLength="1"
          onBlur={[Function]}
          onChange={[Function]}
          onFocus={[Function]}
          onKeyDown={[Function]}
          pattern="[0-9]*"
          placeholder=""
          style={
            Object {
              "alignItems": "center",
              "background": "transparent",
              "border": "1px solid #DBDCEE",
              "borderRadius": "10px",
              "display": "flex",
              "height": "68px",
              "justifyContent": "center",
              "margin": "0 2px",
              "padding": "22px 18px",
              "textAlign": "center",
              "width": "50px",
            }
          }
          type="tel"
          value=""
        />
        <input
          aria-label=""
          autoComplete="off"
          className="pincode-input-text"
          maxLength="1"
          onBlur={[Function]}
          onChange={[Function]}
          onFocus={[Function]}
          onKeyDown={[Function]}
          pattern="[0-9]*"
          placeholder=""
          style={
            Object {
              "alignItems": "center",
              "background": "transparent",
              "border": "1px solid #DBDCEE",
              "borderRadius": "10px",
              "display": "flex",
              "height": "68px",
              "justifyContent": "center",
              "margin": "0 2px",
              "padding": "22px 18px",
              "textAlign": "center",
              "width": "50px",
            }
          }
          type="tel"
          value=""
        />
        <input
          aria-label=""
          autoComplete="off"
          className="pincode-input-text"
          maxLength="1"
          onBlur={[Function]}
          onChange={[Function]}
          onFocus={[Function]}
          onKeyDown={[Function]}
          pattern="[0-9]*"
          placeholder=""
          style={
            Object {
              "alignItems": "center",
              "background": "transparent",
              "border": "1px solid #DBDCEE",
              "borderRadius": "10px",
              "display": "flex",
              "height": "68px",
              "justifyContent": "center",
              "margin": "0 2px",
              "padding": "22px 18px",
              "textAlign": "center",
              "width": "50px",
            }
          }
          type="tel"
          value=""
        />
      </div>
      <button
        className="emotion-4"
        disabled={true}
        onClick={[Function]}
        type="button"
      >
        Potwierdź
      </button>
    </div>
    <p
      className="emotion-7"
    >
      Nie otrzymałeś kodu?
      <span
        className="emotion-6"
        onClick={[Function]}
      >
        Wyślij ponownie
      </span>
    </p>
  </div>
</div>
`;
